{
  "status": "KO",
  "errors": [
    {
      "code": "API000",
      "description": "it.sella.pagamenti.servizibonifico.exception.ServiziInvioBonificoSubsystemException: it.sella.pagamenti.sottosistemi.SottosistemiException: Errore tecnico CONTO 45685475:Conto 45685475 non esiste",
      "params": ""
    }
  ],
  "payload": {}
}