{
  "status" : "KO",
  "errors" : [{"code":"REQ017","description":"Invalid date format","params":""}],
  "payload": {}
}