{
  "status" : "KO",
  "errors" : [{"code":"REQ004","description":"Invalid account identifier","params":""}],
  "payload": {}
}